// Vitest Snapshot v1, https://vitest.dev/guide/snapshot.html

exports[`MonthsSelect > should render 1`] = `""`;
